V3 21
FL G:/Xilinx/13.2/ISE_DS/EDK/hw/XilinxProcessorIPLib/pcores/plbv46_slave_single_v1_01_a/hdl/vhdl/plbv46_slave_single.vhd 2011/06/21.13:38:26 O.61xd
EN plbv46_slave_single_v1_01_a/plbv46_slave_single 1366818685 \
      FL G:/Xilinx/13.2/ISE_DS/EDK/hw/XilinxProcessorIPLib/pcores/plbv46_slave_single_v1_01_a/hdl/vhdl/plbv46_slave_single.vhd \
      PB ieee/std_logic_1164 1308643377 PB ieee/STD_LOGIC_UNSIGNED 1308643379 \
      PB ieee/NUMERIC_STD 1308643378 PB ieee/std_logic_misc 1308643378 \
      LB proc_common_v3_00_a PB proc_common_v3_00_a/proc_common_pkg 1366818668 \
      PB proc_common_v3_00_a/family_support 1366818672 \
      PB proc_common_v3_00_a/ipif_pkg 1366818680 \
      EN proc_common_v3_00_a/or_gate128 1366818677 LB unisim PH unisim/VCOMPONENTS 1308643377 \
      LB plbv46_slave_single_v1_01_a
AR plbv46_slave_single_v1_01_a/plbv46_slave_single/implementation 1366818686 \
      FL G:/Xilinx/13.2/ISE_DS/EDK/hw/XilinxProcessorIPLib/pcores/plbv46_slave_single_v1_01_a/hdl/vhdl/plbv46_slave_single.vhd \
      EN plbv46_slave_single_v1_01_a/plbv46_slave_single 1366818685 \
      CP std_logic_vector CP plbv46_slave_single_v1_01_a/plb_slave_attachment
FL G:/Xilinx/13.2/ISE_DS/EDK/hw/XilinxProcessorIPLib/pcores/plbv46_slave_single_v1_01_a/hdl/vhdl/plb_address_decoder.vhd 2011/06/21.13:38:26 O.61xd
EN plbv46_slave_single_v1_01_a/plb_address_decoder 1366818681 \
      FL G:/Xilinx/13.2/ISE_DS/EDK/hw/XilinxProcessorIPLib/pcores/plbv46_slave_single_v1_01_a/hdl/vhdl/plb_address_decoder.vhd \
      PB ieee/std_logic_1164 1308643377 PB ieee/NUMERIC_STD 1308643378 \
      LB proc_common_v3_00_a PB proc_common_v3_00_a/proc_common_pkg 1366818668 \
      EN proc_common_v3_00_a/pselect_f 1366818675 \
      EN proc_common_v3_00_a/or_gate128 1366818677 \
      PB proc_common_v3_00_a/ipif_pkg 1366818680 \
      PB proc_common_v3_00_a/family_support 1366818672 LB unisim \
      PH unisim/VCOMPONENTS 1308643377
AR plbv46_slave_single_v1_01_a/plb_address_decoder/IMP 1366818682 \
      FL G:/Xilinx/13.2/ISE_DS/EDK/hw/XilinxProcessorIPLib/pcores/plbv46_slave_single_v1_01_a/hdl/vhdl/plb_address_decoder.vhd \
      EN plbv46_slave_single_v1_01_a/plb_address_decoder 1366818681 CP integer \
      CP std_logic_vector CP proc_common_v3_00_a/pselect_f \
      CP proc_common_v3_00_a/or_gate128
FL G:/Xilinx/13.2/ISE_DS/EDK/hw/XilinxProcessorIPLib/pcores/plbv46_slave_single_v1_01_a/hdl/vhdl/plb_slave_attachment.vhd 2011/06/21.13:38:26 O.61xd
EN plbv46_slave_single_v1_01_a/plb_slave_attachment 1366818683 \
      FL G:/Xilinx/13.2/ISE_DS/EDK/hw/XilinxProcessorIPLib/pcores/plbv46_slave_single_v1_01_a/hdl/vhdl/plb_slave_attachment.vhd \
      PB ieee/std_logic_1164 1308643377 PB ieee/NUMERIC_STD 1308643378 \
      PB ieee/STD_LOGIC_UNSIGNED 1308643379 PB ieee/std_logic_misc 1308643378 \
      LB proc_common_v3_00_a PB proc_common_v3_00_a/proc_common_pkg 1366818668 \
      PB proc_common_v3_00_a/ipif_pkg 1366818680 \
      PB proc_common_v3_00_a/family_support 1366818672 \
      EN proc_common_v3_00_a/counter_f 1366818673 LB unisim PH unisim/VCOMPONENTS 1308643377 \
      LB plbv46_slave_single_v1_01_a
AR plbv46_slave_single_v1_01_a/plb_slave_attachment/implementation 1366818684 \
      FL G:/Xilinx/13.2/ISE_DS/EDK/hw/XilinxProcessorIPLib/pcores/plbv46_slave_single_v1_01_a/hdl/vhdl/plb_slave_attachment.vhd \
      EN plbv46_slave_single_v1_01_a/plb_slave_attachment 1366818683 CP std_logic \
      CP std_logic_vector CP plbv46_slave_single_v1_01_a/plb_address_decoder \
      CP PLB_ADDR_CNTRL_STATES CP integer CP proc_common_v3_00_a/counter_f
