G:\Sandboxes\Xilinx\calculator\implementation\system.ngc 1368025753
G:/Sandboxes/Xilinx/calculator/implementation/microblaze_0_wrapper.ngc 1368025537
G:/Sandboxes/Xilinx/calculator/implementation/mb_plb_wrapper.ngc 1368025537
G:/Sandboxes/Xilinx/calculator/implementation/ilmb_wrapper.ngc 1368025537
G:/Sandboxes/Xilinx/calculator/implementation/dlmb_wrapper.ngc 1368025537
G:/Sandboxes/Xilinx/calculator/implementation/dlmb_cntlr_wrapper.ngc 1368025537
G:/Sandboxes/Xilinx/calculator/implementation/ilmb_cntlr_wrapper.ngc 1368025537
G:/Sandboxes/Xilinx/calculator/implementation/lmb_bram_wrapper.ngc 1368025537
G:/Sandboxes/Xilinx/calculator/implementation/leds_displays_wrapper.ngc 1368025537
G:/Sandboxes/Xilinx/calculator/implementation/switches_buttons_wrapper.ngc 1368025537
G:/Sandboxes/Xilinx/calculator/implementation/clock_generator_0_wrapper.ngc 1368025564
G:/Sandboxes/Xilinx/calculator/implementation/mdm_0_wrapper.ngc 1368025537
G:/Sandboxes/Xilinx/calculator/implementation/proc_sys_reset_0_wrapper.ngc 1368025537
G:/Sandboxes/Xilinx/calculator/implementation/xps_ps2_0_wrapper.ngc 1368025537
G:/Sandboxes/Xilinx/calculator/implementation/vga_0_wrapper.ngc 1368025560
OK
